INFO ESPHome 2026.5.0
INFO Loaded validated config cache for esp32-10-ant.yaml, skipping validation.
INFO Starting log output from 192.168.0.173 using esphome API
INFO Successfully resolved esp32-10-ant @ 192.168.0.173 in 0.000s
INFO Successfully connected to esp32-10-ant @ 192.168.0.173 in 0.030s
INFO Successful handshake with esp32-10-ant @ 192.168.0.173 in 0.017s
[22:54:16.139][I][app:151]: ESPHome version 2026.5.0 compiled on 2026-08-17 22:47:54 +0300
[22:54:16.139][I][app:158]: ESP32 Chip: ESP32 rev1.0, 2 core(s)
[22:54:16.139][W][app:190]: Bootloader too old for OTA rollback and SRAM1 as IRAM (+40KB). Flash via USB once to update the bootloader
[22:54:16.139][C][logger:219]: Logger:
[22:54:16.139][C][logger:219]:   Max Level: VERBOSE
[22:54:16.139][C][logger:219]:   Initial Level: VERBOSE
[22:54:16.139][C][logger:226]:   Log Baud Rate: 115200
[22:54:16.139][C][logger:226]:   Hardware UART: UART0
[22:54:16.139][C][logger:235]:   Task Log Buffer Size: 768 bytes
[22:54:16.139][C][logger:241]:   Level for 'api': INFO
[22:54:16.139][C][logger:241]:   Level for 'api.service': INFO
[22:54:16.147][C][logger:241]:   Level for 'component': INFO
[22:54:16.148][C][logger:241]:   Level for 'esp-idf': INFO
[22:54:16.148][C][logger:241]:   Level for 'esp32_ble_client': VERBOSE
[22:54:16.148][C][logger:241]:   Level for 'esp32_ble_tracker': INFO
[22:54:16.156][C][logger:241]:   Level for 'mqtt': INFO
[22:54:16.156][C][logger:241]:   Level for 'scheduler': INFO
[22:54:16.156][C][logger:241]:   Level for 'sensor': INFO
[22:54:16.156][C][logger:241]:   Level for 'text_sensor': INFO
[22:54:16.171][C][logger:241]:   Level for 'wifi': INFO
[22:54:16.177][I][logger:257]: VERBOSE logging is active — performance impact, short-term debugging only
[22:54:16.177][I][logger:257]:   Set log level to DEBUG or lower for long-term use.
[22:54:16.240][C][status_led:022]: Status LED:
[22:54:16.240][C][status_led:152]:   Pin: GPIO2
[22:54:16.240][C][uptime.sensor:017]: Uptime Sensor 'esp32-10-ant_Uptime_s'
[22:54:16.240][C][uptime.sensor:017]:   State Class: 'total_increasing'
[22:54:16.240][C][uptime.sensor:017]:   Unit of Measurement: 's'
[22:54:16.240][C][uptime.sensor:017]:   Accuracy Decimals: 0
[22:54:16.240][C][uptime.sensor:232]:   Device Class: 'duration'
[22:54:16.240][C][uptime.sensor:223]:   Icon: 'mdi:timer-outline'
[22:54:16.240][C][uptime.sensor:019]:   Type: Seconds
[22:54:16.268][C][template.text_sensor:016]: Template Sensor 'esp32-10-ant_Uptime'
[22:54:16.269][C][template.text_sensor:223]:   Icon: 'mdi:clock-start'
[22:54:16.269][C][template.text_sensor:016]: Template Sensor 'esp32-10-ant WiFi Strength'
[22:54:16.269][C][template.text_sensor:223]:   Icon: 'mdi:wifi'
[22:54:16.343][C][safe_mode.button:014]: Safe Mode Button 'esp32-10-ant Safe Mode (OTA)'
[22:54:16.343][C][safe_mode.button:223]:   Icon: 'mdi:restart-alert'
[22:54:16.343][C][ble_rssi:017]: BLE RSSI Sensor 'alex_ble 10 RSSI'
[22:54:16.343][C][ble_rssi:017]:   State Class: 'measurement'
[22:54:16.343][C][ble_rssi:017]:   Unit of Measurement: 'dBm'
[22:54:16.343][C][ble_rssi:017]:   Accuracy Decimals: 0
[22:54:16.343][C][ble_rssi:232]:   Device Class: 'signal_strength'
[22:54:16.349][C][ble_rssi:017]: BLE RSSI Sensor 'ira_ble 10 RSSI'
[22:54:16.349][C][ble_rssi:017]:   State Class: 'measurement'
[22:54:16.349][C][ble_rssi:017]:   Unit of Measurement: 'dBm'
[22:54:16.349][C][ble_rssi:017]:   Accuracy Decimals: 0
[22:54:16.349][C][ble_rssi:232]:   Device Class: 'signal_strength'
[22:54:16.349][C][ble_rssi:017]: BLE RSSI Sensor 'lila_ble 10 RSSI'
[22:54:16.349][C][ble_rssi:017]:   State Class: 'measurement'
[22:54:16.349][C][ble_rssi:017]:   Unit of Measurement: 'dBm'
[22:54:16.349][C][ble_rssi:017]:   Accuracy Decimals: 0
[22:54:16.349][C][ble_rssi:232]:   Device Class: 'signal_strength'
[22:54:16.388][C][restart:088]: Restart Switch 'esp32-10-ant_Restart'
[22:54:16.388][C][restart:088]:   Restore Mode: always OFF
[22:54:16.388][C][restart:223]:   Icon: 'mdi:restart'
[22:54:16.389][C][homeassistant.time:009]: Home Assistant Time
[22:54:16.389][C][time:049]: Timezone: UTC+2:00 (DST UTC+3:00)
[22:54:16.449][C][time:055]: Current time: 2026-08-17 22:54:16
[22:54:16.449][C][ble_presence:016]: BLE Presence 'alex_ble 10'
[22:54:16.450][C][ble_presence:016]: BLE Presence 'ira_ble 10'
[22:54:16.450][C][ble_presence:016]: BLE Presence 'lila_ble 10'
[22:54:16.461][C][esp32_ble:663]: BLE:
[22:54:16.461][C][esp32_ble:663]:   MAC address: 30:AE:A4:9D:57:AE
[22:54:16.461][C][esp32_ble:663]:   IO Capability: none
[22:54:16.499][C][ble_client:026]: BLE Client:
[22:54:16.547][C][esp32_ble_client:081]:   Address: 3C:1A:CC:4C:11:2A
[22:54:16.547][C][esp32_ble_client:081]:   Auto-Connect: TRUE
[22:54:16.547][C][esp32_ble_client:081]:   State: ESTABLISHED
[22:54:16.548][C][esphome.ota:097]: Over-The-Air updates:
[22:54:16.548][C][esphome.ota:097]:   Address: 192.168.0.173:3232
[22:54:16.548][C][esphome.ota:097]:   Version: 2
[22:54:16.586][C][esphome.ota:104]:   Password configured
[22:54:16.586][C][safe_mode:058]: Safe Mode:
[22:54:16.586][C][safe_mode:058]:   Successful after: 60s
[22:54:16.586][C][safe_mode:058]:   Invoke after: 10 attempts
[22:54:16.586][C][safe_mode:058]:   Duration: 300s
[22:54:16.586][C][safe_mode:079]:   Bootloader rollback: supported
[22:54:16.654][C][wifi_signal.sensor:017]: WiFi Signal 'esp32-10-ant_WiFi_RSSI'
[22:54:16.654][C][wifi_signal.sensor:017]:   State Class: 'measurement'
[22:54:16.654][C][wifi_signal.sensor:017]:   Unit of Measurement: 'dBm'
[22:54:16.654][C][wifi_signal.sensor:017]:   Accuracy Decimals: 0
[22:54:16.654][C][wifi_signal.sensor:232]:   Device Class: 'signal_strength'
[22:54:16.654][C][mdns:230]: mDNS:
[22:54:16.654][C][mdns:230]:   Hostname: esp32-10-ant
[22:54:16.654][V][mdns:235]:   Services:
[22:54:16.654][V][mdns:237]:   - _esphomelib, _tcp, 6053
[22:54:16.654][V][mdns:240]:     TXT: version = 2026.5.0
[22:54:16.654][V][mdns:240]:     TXT: config_hash = 61fea134
[22:54:16.654][V][mdns:240]:     TXT: mac = 30aea49d57ac
[22:54:16.654][V][mdns:240]:     TXT: platform = ESP32
[22:54:16.660][V][mdns:240]:     TXT: board = esp32dev
[22:54:16.660][V][mdns:240]:     TXT: network = wifi
[22:54:16.672][C][mqtt.button:028]: MQTT Button 'esp32-10-ant Safe Mode (OTA)': 
[22:54:16.684][C][mqtt.button:045]:   Command Topic: 'esp/esp32-10-ant/button/esp32-10-ant_safe_mode__ota_/command'
[22:54:16.694][C][mqtt.sensor:027]: MQTT Sensor 'esp32-10-ant_Uptime_s':
[22:54:16.699][C][mqtt.sensor:043]:   State Topic: 'esp/esp32-10-ant/sensor/esp32-10-ant_uptime_s/state'
[22:54:16.753][C][mqtt.sensor:027]: MQTT Sensor 'esp32-10-ant_WiFi_RSSI':
[22:54:16.753][C][mqtt.sensor:043]:   State Topic: 'esp/esp32-10-ant/sensor/esp32-10-ant_wifi_rssi/state'
[22:54:16.766][C][mqtt.sensor:027]: MQTT Sensor 'alex_ble 10 RSSI':
[22:54:16.766][C][mqtt.sensor:043]:   State Topic: 'esp/esp32-10-ant/sensor/alex_ble_10_rssi/state'
[22:54:16.766][C][mqtt.sensor:027]: MQTT Sensor 'ira_ble 10 RSSI':
[22:54:16.766][C][mqtt.sensor:043]:   State Topic: 'esp/esp32-10-ant/sensor/ira_ble_10_rssi/state'
[22:54:16.805][C][mqtt.sensor:027]: MQTT Sensor 'lila_ble 10 RSSI':
[22:54:16.806][C][mqtt.sensor:043]:   State Topic: 'esp/esp32-10-ant/sensor/lila_ble_10_rssi/state'
[22:54:16.806][C][mqtt.switch:040]: MQTT Switch 'esp32-10-ant_Restart': 
[22:54:16.806][C][mqtt.switch:043]:   State Topic: 'esp/esp32-10-ant/switch/esp32-10-ant_restart/state'
[22:54:16.859][C][mqtt.switch:045]:   Command Topic: 'esp/esp32-10-ant/switch/esp32-10-ant_restart/command'
[22:54:16.859][C][mqtt.text_sensor:024]: MQTT Text Sensor 'esp32-10-ant_Uptime':
[22:54:16.859][C][mqtt.text_sensor:043]:   State Topic: 'esp/esp32-10-ant/sensor/esp32-10-ant_uptime/state'
[22:54:16.859][C][mqtt.text_sensor:024]: MQTT Text Sensor 'esp32-10-ant WiFi Strength':
[22:54:16.865][C][mqtt.text_sensor:043]:   State Topic: 'esp/esp32-10-ant/sensor/esp32-10-ant_wifi_strength/state'
[22:54:16.868][C][mqtt.binary_sensor:021]: MQTT Binary Sensor 'alex_ble 10':
[22:54:16.874][C][mqtt.binary_sensor:043]:   State Topic: 'esp/esp32-10-ant/binary_sensor/alex_ble_10/state'
[22:54:16.898][C][mqtt.binary_sensor:021]: MQTT Binary Sensor 'ira_ble 10':
[22:54:16.902][C][mqtt.binary_sensor:043]:   State Topic: 'esp/esp32-10-ant/binary_sensor/ira_ble_10/state'
[22:54:16.957][C][mqtt.binary_sensor:021]: MQTT Binary Sensor 'lila_ble 10':
[22:54:16.987][C][mqtt.binary_sensor:043]:   State Topic: 'esp/esp32-10-ant/binary_sensor/lila_ble_10/state'
